// Jest Snapshot v1, https://goo.gl/fbAQLP

exports[`- Component ChatPiece - Message 표현과, 줄바꿈 replace  1`] = `"<div data-testid=\\"t-msg\\">test<br>테스트</div>"`;

exports[`- Component ChatPiece - 내가 받는 메시지일 경우 className 다이나믹변경 1`] = `"<div data-testid=\\"t-root-class\\" class=\\"root-chat-piece chat-left\\"><div class=\\"chat-msg\\"><div class=\\"root-user-picture trans\\" style=\\"margin: 0.1rem 0.3rem 0.1rem -0.5rem;\\"><div class=\\"msg-unread hide\\">0</div><div class=\\"user-img\\" style=\\"background-image: url(https://randomuser.me/api/portraits/thumb/men/32.jpg); background-size: 3rem; height: 3rem; width: 3rem;\\"></div></div><div><span><div data-testid=\\"t-msg\\">test<br>테스트</div><div data-testid=\\"t-nick-name\\" class=\\"chat-nick\\">- cloud -</div></span></div></div></div>"`;

exports[`- Component ChatPiece - 내가보내는 메시지일 경우 className 다이나믹변경 1`] = `"<div data-testid=\\"t-root-class\\" class=\\"root-chat-piece chat-right\\"><div class=\\"chat-msg\\"><div class=\\"root-user-picture trans\\" style=\\"margin: 0.1rem 0.3rem 0.1rem -0.5rem;\\"><div class=\\"msg-unread hide\\">0</div><div class=\\"user-img\\" style=\\"background-image: url(https://randomuser.me/api/portraits/thumb/men/32.jpg); background-size: 3rem; height: 3rem; width: 3rem;\\"></div></div><div><span><div data-testid=\\"t-msg\\">test<br>테스트</div><div data-testid=\\"t-nick-name\\" class=\\"chat-nick\\">- cloud -</div></span></div></div></div>"`;

exports[`- Component ChatPiece - 닉네임 표현 1`] = `"- cloud -"`;
